// Jest Snapshot v1, https://goo.gl/fbAQLP

exports[`matches snapshot 1`] = `
<div>
  <div
    class="sc-bcPKhP fZxdFO"
  >
    <h1
      class="sc-grXZZQ jdVYuR"
    >
      Welcome to our page!
    </h1>
    <p
      class="sc-dkjKgF kSaQVf"
    >
      Lorem ipsum dolor sit amet consectetur adipisicing elit. Voluptatem, doloremque perferendis. Eos porro harum libero voluptatem magnam? Alias voluptatem porro quas ullam. Voluptates vel ad incidunt illo ducimus explicabo beatae! Ex neque distinctio, rem earum nam optio molestias. Facilis odit quidem est recusandae numquam nemo totam alias voluptatem, minima minus, eaque, repellat perspiciatis! Tenetur totam veniam reprehenderit, dignissimos rem quia!
    </p>
    <p
      class="sc-dkjKgF kSaQVf"
    >
      Debitis, cumque nobis possimus reprehenderit dolorem nostrum aut odio libero ipsa, consequuntur nisi vitae incidunt voluptates repellat dolor. Corrupti obcaecati eveniet est pariatur eos esse animi ut explicabo dicta earum. Mollitia enim dolore delectus, ipsum, esse tempora, sunt commodi consectetur nobis cum at rerum praesentium asperiores nihil voluptate saepe est accusamus maxime ducimus! Nemo debitis fugiat provident, reprehenderit quaerat ratione.
    </p>
  </div>
</div>
`;
